≡ƒÜÇ Starting Money Truth Tests against http://localhost:3000
≡ƒöæ Admin Key: Not Set (relying on dev fallback)

--- SETUP: Creating User ---
node.exe : Test Error: TypeError: fetch failed
At line:1 char:1
+ & "C:\Program Files\nodejs/node.exe" "C:\Program Files\nodejs/node_mo ...
+ ~~~~~~~~~~~~~~~~~~~~~~~~~~~~~~~~~~~~~~~~~~~~~~~~~~~~~~~~~~~~~~~~~~~~~
    + CategoryInfo          : NotSpecified: (Test Error: TypeError: fetch failed:String) [], RemoteException
    + FullyQualifiedErrorId : NativeCommandError
 
    at node:internal/deps/undici/undici:15845:13
    at process.processTicksAndRejections (node:internal/process/task_queues:103:5)
    at async api (C:\Users\Braca\Downloads\backend\Collateral-\scripts\money-truth-test.ts:43:17)
    at async runTests (C:\Users\Braca\Downloads\backend\Collateral-\scripts\money-truth-test.ts:74:27) {
  [cause]: AggregateError [ECONNREFUSED]: 
      at internalConnectMultiple (node:net:1134:18)
      at afterConnectMultiple (node:net:1715:7) {
    code: 'ECONNREFUSED',
    [errors]: [ [Error], [Error] ]
  }
}
